'src/test/data/DIRECTORY-NONEMPTY/DIR-1'
'src/test/data/DIRECTORY-NONEMPTY/DIR-2'
'src/test/data/DIRECTORY-NONEMPTY/FILE-1'
'src/test/data/DIRECTORY-NONEMPTY/FILE-2'
