2.0
1.5
0.8333333333333334
-0.3666666666666666
2.3606060606060613
1.9369860349321204
1.4207200516128116
0.7168516161213909
-0.6781372177053588
0.7964905919638134
