Hello! This is Psylla
Project site: ‹https://github.com/urbic/psylla›
