20282409603651670423947251286016:40564819207303346393761349247529
